{
    "type": "object",
    "properties": {
        "name": {
            "type": "string"
        },
        "id": {
            "format": "int32",
            "type": "integer"
        }
    }
}
