{
  "openapi": "3.0.3",
  "components": {
    "responses": {
      "ArrayComplexType": {
        "description": "A complex object array response",
        "content": {
          "application/json": {
            "schema": {
              "type": "array",
              "items": {
                "$ref": "#/components/schemas/VeryComplexType"
              }
            }
          }
        }
      },
      "StringType": {
        "description": "A simple string response",
        "content": {
          "application/json": {
            "schema": {
              "type": "string"
            }
          }
        }
      },
      "WithHeaders": {
        "description": "A simple string response",
        "headers": {
          "X-Rate-Limit-Limit": {
            "description": "The number of allowed requests in the current period",
            "schema": {
              "type": "integer"
            }
          },
          "X-Rate-Limit-Remaining": {
            "description": "The number of remaining requests in the current period",
            "schema": {
              "type": "integer"
            }
          },
          "X-Rate-Limit-Reset": {
            "description": "The number of seconds left in the current period",
            "schema": {
              "type": "integer"
            }
          }
        },
        "content": {
          "application/json": {
            "schema": {
              "type": "string"
            }
          }
        }
      },
      "NoReturnValue": {
        "description": "object created"
      }
    }
  }
}