{
  "openapi": "3.0.3",
  "components": {
    "responses": {
      "NotFound": {
        "description": "Entity not found."
      },
      "IllegalInput": {
        "description": "Illegal input for operation."
      },
      "GeneralError": {
        "description": "General Error",
        "content": {
          "application/json": {
            "schema": {
              "$ref": "#/components/schemas/GeneralError"
            }
          }
        }
      }
    }
  }
}