{
  "openapi": "3.0.2",
  "components": {
    "parameters": {
      "skipParam": {
        "name": "skip",
        "in": "query",
        "description": "number of items to skip",
        "required": true,
        "schema": {
          "type": "integer",
          "format": "int32"
        }
      },
      "limitParam": {
        "name": "limit",
        "in": "query",
        "description": "max records to return",
        "required": true,
        "schema": {
          "type": "integer",
          "format": "int32"
        }
      }
    }
  }
}