[OP-014] |high| {/paths[/test]/get->summary} :: Operation is missing a summary.
[OP-015] |high| {/paths[/test]/delete->description} :: Operation is missing a description.
[OP-016] |high| {/paths[/test]/delete->tags} :: Operation must have at least one tag.