{
  "openapi": "3.0.2",
  "info": {
    "title": "Pet Store 2.0",
    "description": "This is a sample server Petstore server.  You can find out more about Swagger at [http://swagger.io](http://swagger.io) or on [irc.freenode.net, #swagger](http://swagger.io/irc/).  For this sample, you can use the api key `special-key` to test the authorization filters.",
    "termsOfService": "http://swagger.io/terms/",
    "version": "1.0.0"
  },
  "paths": {
    "/pet/findByStatus": {
      "get": {
        "tags": [
          "pet"
        ],
        "summary": "Finds Pets by status",
        "description": "Multiple status values can be provided with comma separated strings",
        "operationId": "findPetsByStatus",
        "responses": {
          "200": {
            "description": "successful operation",
            "content": {
              "application/xml": {
                "schema": {
                  "type": "array",
                  "items": {
                    "$ref": "#/components/schemas/Pet"
                  }
                }
              },
              "application/json": {
                "schema": {
                  "type": "array",
                  "items": {
                    "$ref": "#/components/schemas/Pet"
                  }
                }
              }
            }
          },
          "400": {
            "description": "Invalid status value"
          }
        }
      }
    }
  },
  "components": {
    "schemas": {
      "Pet": {
        "required": [
          "name"
        ],
        "type": "object",
        "properties": {
          "id": {
            "format": "int64",
            "type": "integer"
          },
          "name": {
            "type": "string",
            "example": "doggie"
          }
        },
        "xml": {
          "name": "Pet"
        }
      }
    }
  }
}
