[CTC-002] |medium| {/info/contact->email} :: Contact Email is an incorrect format.
[LIC-002] |medium| {/info/license->url} :: License URL is an incorrect format.