[PATH-002] |medium| {/paths[/pet]/post->in} :: Operation may not have both Body and Form Data parameters.