{
    "openapi": "3.0.2",
    "info": {
        "title": "Cyclical Refs",
        "version": "1.0.0",
        "description": "An example of a reference cycle."
    },
    "components": {
        "schemas": {
            "Person": {
                "title": "Root Type for Person",
                "description": "",
                "type": "object",
                "properties": {
                    "name": {
                        "type": "string"
                    },
                    "age": {
                        "format": "int32",
                        "type": "integer"
                    },
                    "address": {
                        "$ref": "#/components/schemas/Address"
                    }
                }
            },
            "Address": {
                "type": "object",
                "properties": {
                    "street": {
                        "type": "string"
                    },
                    "city": {
                        "type": "string"
                    },
                    "state": {
                        "type": "string"
                    },
                    "zip": {
                        "type": "string"
                    }
                }
            }
        }
    }
}