{
    "openapi": "3.0.2",
    "info": {
        "title": "Sample API",
        "version": "1.0.0",
        "description": "An example API."
    },
    "paths": {
        "/invoices": {
            "get": {
                "responses": {
                    "200": {
                        "content": {
                            "application/json": {
                                "schema": {
                                    "type": "array",
                                    "items": {
                                        "$ref": "#/components/schemas/Invoice"
                                    }
                                }
                            }
                        },
                        "description": "OK"
                    },
                    "404": {
                        "$ref": "#/components/responses/NotFound"
                    }
                },
                "operationId": "getInvoices"
            }
        }
    },
    "components": {
        "schemas": {
            "Error": {
                "description": "",
                "required": [
                    "code"
                ],
                "type": "object",
                "properties": {
                    "code": {
                        "description": "",
                        "type": "string"
                    }
                }
            },
            "Error1": {
                "description": "Common Response Error",
                "schema": {
                    "type": "string"
                }
            },
            "Invoice": {
                "description": "",
                "type": "object"
            }
        },
        "responses": {
            "NotFound": {
                "content": {
                    "application/json": {
                        "schema": {
                            "$ref": "#/components/schemas/Error1"
                        }
                    }
                },
                "description": ""
            }
        }
    }
}
