{
	"openapi": "3.0.2",
	"components": {
		"schemas": {
			"Widget": {
				"type": "object",
				"properties": {
					"name": {
						"type": "string"
					},
					"description": {
						"type": "string"
					},
					"selfWidget": {
						"$ref": "#/components/schemas/SelfWidget"
					}
				}
			},
			"SelfWidget": {
				"type": "object",
				"properties": {
					"name": {
						"type": "string"
					},
					"widget": {
						"$ref": "#/components/schemas/SelfWidget"
					}
				}
			}
		}
	}
}