{
  "openapi": "3.0.2",
  "paths": {
    "/pets": {
      "get": {
        "summary": "List Pets",
        "description": "Returns all pets from the system that the user has access to",
        "operationId": "listPets",
        "responses": {
          "200": {
            "description": "A simple string response",
            "content": {
              "application/json": {
                "schema": {
                  "$ref": "#/components/schemas/String"
                },
                "example": {
                  "name": "Puma",
                  "type": "Dog",
                  "color": "Black",
                  "gender": "Female",
                  "breed": "Mixed"
                }
              }
            }
          },
          "default": {
            "description": "Unexpected error",
            "content": {
              "application/json": {
                "schema": {
                  "$ref": "#/components/schemas/ErrorModel"
                }
              }
            }
          }
        }
      }
    }
  }
}