{
  "openapi": "3.0.2",
  "paths": {
    "/pets": {
      "get": {
        "summary": "List Pets",
        "description": "Returns all pets from the system that the user has access to",
        "operationId": "listPets",
        "responses": {
          "200": {
            "description": "A simple string response",
            "headers": {
              "X-Rate-Limit-Limit": {
                "description": "The number of allowed requests in the current period",
                "schema": {
                  "type": "integer"
                }
              },
              "X-Rate-Limit-Remaining": {
                "description": "The number of remaining requests in the current period",
                "schema": {
                  "type": "integer"
                }
              },
              "X-Rate-Limit-Reset": {
                "description": "The number of seconds left in the current period",
                "schema": {
                  "type": "integer"
                }
              }
            },
            "content": {
              "application/json": {
                "schema": {
                  "$ref": "#/components/schemas/String"
                }
              }
            }
          },
          "default": {
            "description": "Unexpected error",
            "content": {
              "application/json": {
                "schema": {
                  "$ref": "#/components/schemas/ErrorModel"
                }
              }
            }
          }
        }
      }
    }
  }
}