{
  "openapi": "3.0.2",
  "components": {
    "schemas": {
      "Address": {
        "type": "object",
        "properties": {
          "city": {
            "type": "string"
          },
          "state": {
            "type": "string"
          },
          "zip": {
            "type": "string"
          }
        }
      },
      "Person": {
        "type": "object",
        "properties": {
          "id": {
            "type": "integer",
            "format": "int64"
          },
          "name": {
            "type": "string"
          },
          "address": {
            "$ref": "#/components/schemas/Address"
          }
        },
        "required": [
          "id"
        ]
      }
    }
  }
}
