[PATH_ADDED] |NON_BREAKING| :: Path '/tests/{id}' added
[PATH_REMOVED] |BREAKING_CHANGE| :: Path '/classes' removed