[OPERATION_ID_REMOVED] |DANGEROUS_CHANGE| :: Operation ID removed | /paths[/tests]/post
[OPERATION_ID_MODIFIED] |DANGEROUS_CHANGE| :: Operation ID modified | /paths[/tests/{id}]/put
[OPERATION_ID_ADDED] |NON_BREAKING| :: Operation ID added | /paths[/tests]/get
