{
  "openapi": "3.0.2",
  "components": {
    "schemas": {
      "Sample": {
        "type": "string",
        "format": "email"
      }
    }
  }
}
