{
  "openapi": "3.0.2",
  "components": {
    "schemas": {
      "Person": {
        "type": "object",
        "properties": {
          "id": {
            "type": "integer",
            "format": "int32"
          },
          "name": {
            "type": "string"
          }
        },
        "externalDocs": {
          "description": "Find more info here",
          "url": "https://swagger.io"
        }
      }
    }
  }
}
