{
  "openapi": "3.0.2",
  "components": {
    "schemas": {
      "Person": {
        "type": "object",
        "properties": {
          "id": {
            "type": "integer",
            "format": "int32",
            "xml": {
              "attribute": true
            }
          },
          "name": {
            "type": "string",
            "xml": {
              "name": "xname",
              "namespace": "http://swagger.io/schema/sample",
              "prefix": "sample",
              "wrapped": false
            }
          }
        }
      }
    }
  }
}
