{
  "openapi": "3.0.2",
  "components": {
    "schemas": {
      "Example": {
        "type": "object",
        "allOf": [
          {
            "$ref": "#/components/schemas/address"
          },
          {
            "properties": {
              "type": {
                "enum": [
                  "residential",
                  "business"
                ]
              }
            }
          }
        ],
        "additionalProperties": false
      }
    }
  }
}
